// Jest Snapshot v1, https://goo.gl/fbAQLP

exports[`<TrackPreview /> Snapshot should render without crashing. 1`] = `
<div
  className="box track-preview"
>
  <article
    className="media"
  >
    <div
      className="media-left"
    >
      <figure
        className="image is-64x64"
      >
        <img />
      </figure>
    </div>
    <div
      className="media-content"
    >
      <div
        className="content"
      >
        <p>
          <strong />
          <small />
        </p>
      </div>
    </div>
  </article>
</div>
`;
